Archive member included because of file (symbol)

/Users/shawnanastasio/devkitPro/libctru/lib/libctru.a(gfx.o)
                              main.o (gfxInit)
/Users/shawnanastasio/devkitPro/libctru/lib/libctru.a(initSystem.o)
                              /Users/shawnanastasio/devkitPro/devkitARM/bin/../lib/gcc/arm-none-eabi/4.9.2/../../../../arm-none-eabi/lib/3dsx_crt0.o (__ctru_exit)
/Users/shawnanastasio/devkitPro/libctru/lib/libctru.a(srv.o)
                              /Users/shawnanastasio/devkitPro/libctru/lib/libctru.a(initSystem.o) (__destroy_handle_list)
/Users/shawnanastasio/devkitPro/libctru/lib/libctru.a(apt.o)
                              main.o (aptInit)
/Users/shawnanastasio/devkitPro/libctru/lib/libctru.a(gsp.o)
                              /Users/shawnanastasio/devkitPro/libctru/lib/libctru.a(gfx.o) (gspInit)
/Users/shawnanastasio/devkitPro/libctru/lib/libctru.a(gx.o)
                              /Users/shawnanastasio/devkitPro/libctru/lib/libctru.a(gfx.o) (gxCmdBuf)
/Users/shawnanastasio/devkitPro/libctru/lib/libctru.a(hid.o)
                              main.o (hidExit)
/Users/shawnanastasio/devkitPro/libctru/lib/libctru.a(irrst.o)
                              /Users/shawnanastasio/devkitPro/libctru/lib/libctru.a(hid.o) (irrstExit)
/Users/shawnanastasio/devkitPro/libctru/lib/libctru.a(svc.o)
                              /Users/shawnanastasio/devkitPro/libctru/lib/libctru.a(srv.o) (getThreadCommandBuffer)
/Users/shawnanastasio/devkitPro/libctru/lib/libctru.a(linear.o)
                              /Users/shawnanastasio/devkitPro/libctru/lib/libctru.a(gfx.o) (linearAlloc)
/Users/shawnanastasio/devkitPro/libctru/lib/libctru.a(mem_pool.o)
                              /Users/shawnanastasio/devkitPro/libctru/lib/libctru.a(linear.o) (MemPool::Allocate(MemChunk&, unsigned long, int))
/Users/shawnanastasio/devkitPro/libctru/lib/libctru.a(rbtree_find.o)
                              /Users/shawnanastasio/devkitPro/libctru/lib/libctru.a(linear.o) (rbtree_find)
/Users/shawnanastasio/devkitPro/libctru/lib/libctru.a(rbtree_init.o)
                              /Users/shawnanastasio/devkitPro/libctru/lib/libctru.a(linear.o) (rbtree_init)
/Users/shawnanastasio/devkitPro/libctru/lib/libctru.a(rbtree_insert.o)
                              /Users/shawnanastasio/devkitPro/libctru/lib/libctru.a(linear.o) (rbtree_insert)
/Users/shawnanastasio/devkitPro/libctru/lib/libctru.a(rbtree_remove.o)
                              /Users/shawnanastasio/devkitPro/libctru/lib/libctru.a(linear.o) (rbtree_remove)
/Users/shawnanastasio/devkitPro/libctru/lib/libctru.a(rbtree_rotate.o)
                              /Users/shawnanastasio/devkitPro/libctru/lib/libctru.a(rbtree_insert.o) (rbtree_rotate)
/Users/shawnanastasio/devkitPro/libctru/lib/libctru.a(rbtree_iterator.o)
                              /Users/shawnanastasio/devkitPro/libctru/lib/libctru.a(rbtree_remove.o) (rbtree_node_next)
/Users/shawnanastasio/devkitPro/devkitARM/bin/../lib/gcc/arm-none-eabi/4.9.2/../../../../arm-none-eabi/lib/libg.a(lib_a-fini.o)
                              /Users/shawnanastasio/devkitPro/libctru/lib/libctru.a(initSystem.o) (__libc_fini_array)
/Users/shawnanastasio/devkitPro/devkitARM/bin/../lib/gcc/arm-none-eabi/4.9.2/../../../../arm-none-eabi/lib/libg.a(lib_a-init.o)
                              /Users/shawnanastasio/devkitPro/libctru/lib/libctru.a(initSystem.o) (__libc_init_array)
/Users/shawnanastasio/devkitPro/devkitARM/bin/../lib/gcc/arm-none-eabi/4.9.2/../../../../arm-none-eabi/lib/libg.a(lib_a-malloc.o)
                              /Users/shawnanastasio/devkitPro/libctru/lib/libctru.a(linear.o) (malloc)
/Users/shawnanastasio/devkitPro/devkitARM/bin/../lib/gcc/arm-none-eabi/4.9.2/../../../../arm-none-eabi/lib/libg.a(lib_a-mallocr.o)
                              /Users/shawnanastasio/devkitPro/devkitARM/bin/../lib/gcc/arm-none-eabi/4.9.2/../../../../arm-none-eabi/lib/libg.a(lib_a-malloc.o) (_malloc_r)
/Users/shawnanastasio/devkitPro/devkitARM/bin/../lib/gcc/arm-none-eabi/4.9.2/../../../../arm-none-eabi/lib/libg.a(lib_a-memcpy-stub.o)
                              /Users/shawnanastasio/devkitPro/libctru/lib/libctru.a(initSystem.o) (memcpy)
/Users/shawnanastasio/devkitPro/devkitARM/bin/../lib/gcc/arm-none-eabi/4.9.2/../../../../arm-none-eabi/lib/libg.a(lib_a-memmove.o)
                              main.o (memmove)
/Users/shawnanastasio/devkitPro/devkitARM/bin/../lib/gcc/arm-none-eabi/4.9.2/../../../../arm-none-eabi/lib/libg.a(lib_a-mlock.o)
                              /Users/shawnanastasio/devkitPro/devkitARM/bin/../lib/gcc/arm-none-eabi/4.9.2/../../../../arm-none-eabi/lib/libg.a(lib_a-mallocr.o) (__malloc_lock)
/Users/shawnanastasio/devkitPro/devkitARM/bin/../lib/gcc/arm-none-eabi/4.9.2/../../../../arm-none-eabi/lib/libg.a(lib_a-strcpy.o)
                              /Users/shawnanastasio/devkitPro/libctru/lib/libctru.a(srv.o) (strcpy)
/Users/shawnanastasio/devkitPro/devkitARM/bin/../lib/gcc/arm-none-eabi/4.9.2/../../../../arm-none-eabi/lib/libg.a(lib_a-strlen.o)
                              main.o (strlen)
/Users/shawnanastasio/devkitPro/devkitARM/bin/../lib/gcc/arm-none-eabi/4.9.2/../../../../arm-none-eabi/lib/libg.a(lib_a-freer.o)
                              /Users/shawnanastasio/devkitPro/devkitARM/bin/../lib/gcc/arm-none-eabi/4.9.2/../../../../arm-none-eabi/lib/libg.a(lib_a-malloc.o) (_free_r)
/Users/shawnanastasio/devkitPro/devkitARM/bin/../lib/gcc/arm-none-eabi/4.9.2/../../../../arm-none-eabi/lib/libg.a(lib_a-impure.o)
                              /Users/shawnanastasio/devkitPro/devkitARM/bin/../lib/gcc/arm-none-eabi/4.9.2/../../../../arm-none-eabi/lib/libg.a(lib_a-malloc.o) (_impure_ptr)
/Users/shawnanastasio/devkitPro/devkitARM/bin/../lib/gcc/arm-none-eabi/4.9.2/../../../../arm-none-eabi/lib/libsysbase.a(sbrk.o)
                              /Users/shawnanastasio/devkitPro/devkitARM/bin/../lib/gcc/arm-none-eabi/4.9.2/../../../../arm-none-eabi/lib/libg.a(lib_a-mallocr.o) (_sbrk_r)
/Users/shawnanastasio/devkitPro/devkitARM/bin/../lib/gcc/arm-none-eabi/4.9.2/../../../../arm-none-eabi/lib/libsysbase.a(malloc_vars.o)
                              /Users/shawnanastasio/devkitPro/libctru/lib/libctru.a(initSystem.o) (fake_heap_start)
/Users/shawnanastasio/devkitPro/devkitARM/bin/../lib/gcc/arm-none-eabi/4.9.2/../../../../arm-none-eabi/lib/libsysbase.a(syscall_support.o)
                              /Users/shawnanastasio/devkitPro/libctru/lib/libctru.a(initSystem.o) (__syscalls)

Allocating common symbols
Common symbol       size              file

hidMemHandle        0x4               /Users/shawnanastasio/devkitPro/libctru/lib/libctru.a(hid.o)
aptEventHandlerThread
                    0x4               /Users/shawnanastasio/devkitPro/libctru/lib/libctru.a(apt.o)
hidHandle           0x4               /Users/shawnanastasio/devkitPro/libctru/lib/libctru.a(hid.o)
gspEventStack       0x1000            /Users/shawnanastasio/devkitPro/libctru/lib/libctru.a(gsp.o)
gfxBottomFramebuffers
                    0x8               /Users/shawnanastasio/devkitPro/libctru/lib/libctru.a(gfx.o)
gspSharedMemHandle  0x4               /Users/shawnanastasio/devkitPro/libctru/lib/libctru.a(gfx.o)
__system_argv       0x4               /Users/shawnanastasio/devkitPro/libctru/lib/libctru.a(initSystem.o)
cnt                 0x4               main.o
hidSharedMem        0x4               /Users/shawnanastasio/devkitPro/libctru/lib/libctru.a(hid.o)
__system_argc       0x4               /Users/shawnanastasio/devkitPro/libctru/lib/libctru.a(initSystem.o)
bottomFramebufferInfo
                    0x1c              /Users/shawnanastasio/devkitPro/libctru/lib/libctru.a(gfx.o)
__linear_heap       0x4               /Users/shawnanastasio/devkitPro/libctru/lib/libctru.a(initSystem.o)
aptParameters       0x1000            /Users/shawnanastasio/devkitPro/libctru/lib/libctru.a(apt.o)
aptEventHandlerStack
                    0x1000            /Users/shawnanastasio/devkitPro/libctru/lib/libctru.a(apt.o)
aptuHandle          0x4               /Users/shawnanastasio/devkitPro/libctru/lib/libctru.a(apt.o)
irrstHandle         0x4               /Users/shawnanastasio/devkitPro/libctru/lib/libctru.a(irrst.o)
aptEvents           0xc               /Users/shawnanastasio/devkitPro/libctru/lib/libctru.a(apt.o)
gspEventThread      0x4               /Users/shawnanastasio/devkitPro/libctru/lib/libctru.a(gsp.o)
gspEvent            0x4               /Users/shawnanastasio/devkitPro/libctru/lib/libctru.a(gfx.o)
hidEvents           0x14              /Users/shawnanastasio/devkitPro/libctru/lib/libctru.a(hid.o)
__system_retAddr    0x4               /Users/shawnanastasio/devkitPro/libctru/lib/libctru.a(initSystem.o)
irrstEvent          0x4               /Users/shawnanastasio/devkitPro/libctru/lib/libctru.a(irrst.o)
currentBuffer       0x1               /Users/shawnanastasio/devkitPro/libctru/lib/libctru.a(gfx.o)
irrstMemHandle      0x4               /Users/shawnanastasio/devkitPro/libctru/lib/libctru.a(irrst.o)
gfxTopLeftFramebuffers
                    0x8               /Users/shawnanastasio/devkitPro/libctru/lib/libctru.a(gfx.o)
enable3d            0x1               /Users/shawnanastasio/devkitPro/libctru/lib/libctru.a(gfx.o)
gfxTopRightFramebuffers
                    0x8               /Users/shawnanastasio/devkitPro/libctru/lib/libctru.a(gfx.o)
topFramebufferInfo  0x1c              /Users/shawnanastasio/devkitPro/libctru/lib/libctru.a(gfx.o)
gspEvents           0x1c              /Users/shawnanastasio/devkitPro/libctru/lib/libctru.a(gsp.o)
gfxThreadID         0x1               /Users/shawnanastasio/devkitPro/libctru/lib/libctru.a(gfx.o)
gfxSharedMemory     0x4               /Users/shawnanastasio/devkitPro/libctru/lib/libctru.a(gfx.o)
gspRunEvents        0x1               /Users/shawnanastasio/devkitPro/libctru/lib/libctru.a(gsp.o)
superStr            0x2000            main.o
irrstSharedMem      0x4               /Users/shawnanastasio/devkitPro/libctru/lib/libctru.a(irrst.o)
aptStatusMutex      0x4               /Users/shawnanastasio/devkitPro/libctru/lib/libctru.a(apt.o)
gxCmdBuf            0x4               /Users/shawnanastasio/devkitPro/libctru/lib/libctru.a(gx.o)
aptLockHandle       0x4               /Users/shawnanastasio/devkitPro/libctru/lib/libctru.a(apt.o)
currentAppId        0x2               /Users/shawnanastasio/devkitPro/libctru/lib/libctru.a(apt.o)

Discarded input sections

 .comment       0x00000000       0x23 /Users/shawnanastasio/devkitPro/devkitARM/bin/../lib/gcc/arm-none-eabi/4.9.2/crtbegin.o
 .comment       0x00000000       0x23 font.o
 .comment       0x00000000       0x23 font1.o
 .comment       0x00000000       0x23 main.o
 .comment       0x00000000       0x23 text.o
 .comment       0x00000000       0x23 /Users/shawnanastasio/devkitPro/libctru/lib/libctru.a(gfx.o)
 .comment       0x00000000       0x23 /Users/shawnanastasio/devkitPro/libctru/lib/libctru.a(initSystem.o)
 .comment       0x00000000       0x23 /Users/shawnanastasio/devkitPro/libctru/lib/libctru.a(srv.o)
 .comment       0x00000000       0x23 /Users/shawnanastasio/devkitPro/libctru/lib/libctru.a(apt.o)
 .comment       0x00000000       0x23 /Users/shawnanastasio/devkitPro/libctru/lib/libctru.a(gsp.o)
 .comment       0x00000000       0x23 /Users/shawnanastasio/devkitPro/libctru/lib/libctru.a(gx.o)
 .comment       0x00000000       0x23 /Users/shawnanastasio/devkitPro/libctru/lib/libctru.a(hid.o)
 .comment       0x00000000       0x23 /Users/shawnanastasio/devkitPro/libctru/lib/libctru.a(irrst.o)
 .comment       0x00000000       0x23 /Users/shawnanastasio/devkitPro/libctru/lib/libctru.a(linear.o)
 .comment       0x00000000       0x23 /Users/shawnanastasio/devkitPro/libctru/lib/libctru.a(mem_pool.o)
 .comment       0x00000000       0x23 /Users/shawnanastasio/devkitPro/libctru/lib/libctru.a(rbtree_find.o)
 .comment       0x00000000       0x23 /Users/shawnanastasio/devkitPro/libctru/lib/libctru.a(rbtree_init.o)
 .comment       0x00000000       0x23 /Users/shawnanastasio/devkitPro/libctru/lib/libctru.a(rbtree_insert.o)
 .comment       0x00000000       0x23 /Users/shawnanastasio/devkitPro/libctru/lib/libctru.a(rbtree_remove.o)
 .comment       0x00000000       0x23 /Users/shawnanastasio/devkitPro/libctru/lib/libctru.a(rbtree_rotate.o)
 .comment       0x00000000       0x23 /Users/shawnanastasio/devkitPro/libctru/lib/libctru.a(rbtree_iterator.o)
 .comment       0x00000000       0x23 /Users/shawnanastasio/devkitPro/devkitARM/bin/../lib/gcc/arm-none-eabi/4.9.2/../../../../arm-none-eabi/lib/libg.a(lib_a-fini.o)
 .comment       0x00000000       0x23 /Users/shawnanastasio/devkitPro/devkitARM/bin/../lib/gcc/arm-none-eabi/4.9.2/../../../../arm-none-eabi/lib/libg.a(lib_a-init.o)
 .comment       0x00000000       0x23 /Users/shawnanastasio/devkitPro/devkitARM/bin/../lib/gcc/arm-none-eabi/4.9.2/../../../../arm-none-eabi/lib/libg.a(lib_a-malloc.o)
 .comment       0x00000000       0x23 /Users/shawnanastasio/devkitPro/devkitARM/bin/../lib/gcc/arm-none-eabi/4.9.2/../../../../arm-none-eabi/lib/libg.a(lib_a-mallocr.o)
 .comment       0x00000000       0x23 /Users/shawnanastasio/devkitPro/devkitARM/bin/../lib/gcc/arm-none-eabi/4.9.2/../../../../arm-none-eabi/lib/libg.a(lib_a-memcpy-stub.o)
 .comment       0x00000000       0x23 /Users/shawnanastasio/devkitPro/devkitARM/bin/../lib/gcc/arm-none-eabi/4.9.2/../../../../arm-none-eabi/lib/libg.a(lib_a-memmove.o)
 .comment       0x00000000       0x23 /Users/shawnanastasio/devkitPro/devkitARM/bin/../lib/gcc/arm-none-eabi/4.9.2/../../../../arm-none-eabi/lib/libg.a(lib_a-mlock.o)
 .comment       0x00000000       0x23 /Users/shawnanastasio/devkitPro/devkitARM/bin/../lib/gcc/arm-none-eabi/4.9.2/../../../../arm-none-eabi/lib/libg.a(lib_a-strcpy.o)
 .comment       0x00000000       0x23 /Users/shawnanastasio/devkitPro/devkitARM/bin/../lib/gcc/arm-none-eabi/4.9.2/../../../../arm-none-eabi/lib/libg.a(lib_a-strlen.o)
 .comment       0x00000000       0x23 /Users/shawnanastasio/devkitPro/devkitARM/bin/../lib/gcc/arm-none-eabi/4.9.2/../../../../arm-none-eabi/lib/libg.a(lib_a-freer.o)
 .comment       0x00000000       0x23 /Users/shawnanastasio/devkitPro/devkitARM/bin/../lib/gcc/arm-none-eabi/4.9.2/../../../../arm-none-eabi/lib/libg.a(lib_a-impure.o)
 .comment       0x00000000       0x23 /Users/shawnanastasio/devkitPro/devkitARM/bin/../lib/gcc/arm-none-eabi/4.9.2/../../../../arm-none-eabi/lib/libsysbase.a(sbrk.o)
 .comment       0x00000000       0x23 /Users/shawnanastasio/devkitPro/devkitARM/bin/../lib/gcc/arm-none-eabi/4.9.2/../../../../arm-none-eabi/lib/libsysbase.a(malloc_vars.o)
 .comment       0x00000000       0x23 /Users/shawnanastasio/devkitPro/devkitARM/bin/../lib/gcc/arm-none-eabi/4.9.2/../../../../arm-none-eabi/lib/libsysbase.a(syscall_support.o)
 .comment       0x00000000       0x23 /Users/shawnanastasio/devkitPro/devkitARM/bin/../lib/gcc/arm-none-eabi/4.9.2/crtend.o

Memory Configuration

Name             Origin             Length             Attributes
*default*        0x00000000         0xffffffff

Linker script and memory map

                0x00100000                . = 0x100000
                0x00100000                __start__ = .

.text           0x00100000     0x5e9c
 *(.crt0)
 .crt0          0x00100000       0x94 /Users/shawnanastasio/devkitPro/devkitARM/bin/../lib/gcc/arm-none-eabi/4.9.2/../../../../arm-none-eabi/lib/3dsx_crt0.o
                0x00100000                _start
                0x00100008                __service_ptr
                0x0010000c                __apt_appid
                0x00100010                __heap_size
                0x00100014                __linear_heap_size
                0x00100018                __system_arglist
                0x0010001c                __system_runflags
 *(.init)
 .init          0x00100094        0xc /Users/shawnanastasio/devkitPro/devkitARM/bin/../lib/gcc/arm-none-eabi/4.9.2/crti.o
                0x00100094                _init
 .init          0x001000a0        0xc /Users/shawnanastasio/devkitPro/devkitARM/bin/../lib/gcc/arm-none-eabi/4.9.2/crtn.o
                0x001000ac                . = ALIGN (0x4)
 *(.text)
 .text          0x001000ac        0x0 /Users/shawnanastasio/devkitPro/devkitARM/bin/../lib/gcc/arm-none-eabi/4.9.2/../../../../arm-none-eabi/lib/3dsx_crt0.o
 .text          0x001000ac        0x0 /Users/shawnanastasio/devkitPro/devkitARM/bin/../lib/gcc/arm-none-eabi/4.9.2/crti.o
 .text          0x001000ac      0x108 /Users/shawnanastasio/devkitPro/devkitARM/bin/../lib/gcc/arm-none-eabi/4.9.2/crtbegin.o
 .text          0x001001b4        0x0 font.bin.o
 .text          0x001001b4        0x0 font.o
 .text          0x001001b4        0x0 font1.o
 .text          0x001001b4       0xd4 main.o
                0x001001b4                pcCos
                0x001001c8                countLines
                0x001001fc                cutLine
                0x00100278                drawFrame
 .text          0x00100288      0x334 text.o
                0x00100288                drawCharacter
                0x00100480                drawString
                0x00100558                gfxDrawText
 .text          0x001005bc      0x52c /Users/shawnanastasio/devkitPro/libctru/lib/libctru.a(gfx.o)
                0x00100628                gfxSet3D
                0x00100638                gfxSetFramebufferInfo
                0x00100688                gfxWriteFramebufferInfo
                0x00100734                gfxInit
                0x0010088c                gfxExit
                0x00100924                gfxGetFramebuffer
                0x001009c4                gfxFlushBuffers
                0x00100a50                gfxSwapBuffers
                0x00100aa8                gfxSwapBuffersGpu
 .text          0x00100ae8      0x238 /Users/shawnanastasio/devkitPro/libctru/lib/libctru.a(initSystem.o)
                0x00100ae8                __ctru_exit
                0x00100b6c                initSystem
 .text          0x00100d20      0x300 /Users/shawnanastasio/devkitPro/libctru/lib/libctru.a(srv.o)
                0x00100d20                __get_handle_from_list
                0x00100db8                __destroy_handle_list
                0x00100e0c                srvExit
                0x00100e34                srvRegisterClient
                0x00100e6c                srvInit
                0x00100ec0                srvGetServiceHandle
                0x00100f40                srvPmInit
                0x00100f94                srvRegisterProcess
                0x00100fe8                srvUnregisterProcess
 .text          0x00101020     0x18fc /Users/shawnanastasio/devkitPro/libctru/lib/libctru.a(apt.o)
                0x00101084                aptInitCaptureInfo
                0x00101138                aptWaitStatusEvent
                0x00101160                aptGetStatus
                0x00101198                aptSetStatus
                0x00101200                aptGetStatusPower
                0x00101238                aptSetStatusPower
                0x00101270                aptOpenSession
                0x00101294                aptCloseSession
                0x001012bc                aptSignalReadyForSleep
                0x001012cc                APT_GetLockHandle
                0x00101324                APT_Initialize
                0x00101394                APT_HardwareResetAsync
                0x001013cc                APT_Enable
                0x0010140c                APT_GetAppletManInfo
                0x00101494                aptGetMenuAppID
                0x001014d0                APT_IsRegistered
                0x00101528                APT_InquireNotification
                0x00101580                APT_PrepareToJumpToHomeMenu
                0x001015b8                APT_JumpToHomeMenu
                0x0010161c                APT_NotifyToWait
                0x0010165c                APT_AppletUtility
                0x001016f0                aptAppletUtility_Exit_RetToApp
                0x001017e0                aptAppletClosed
                0x001018fc                aptInit
                0x00101a3c                APT_GlanceParameter
                0x00101ac4                APT_ReceiveParameter
                0x00101b4c                APT_SendParameter
                0x00101bcc                APT_SendCaptureBufferInfo
                0x00101c28                aptReturnToMenu
                0x00101de8                APT_ReplySleepQuery
                0x00101e38                APT_ReplySleepNotificationComplete
                0x00101e78                aptEventHandler
                0x00102124                APT_PrepareToCloseApplication
                0x00102164                APT_CloseApplication
                0x001021d0                aptExit
                0x001022a0                APT_SetAppCpuTimeLimit
                0x001022e4                APT_GetAppCpuTimeLimit
                0x00102338                APT_CheckNew3DS_Application
                0x0010238c                APT_CheckNew3DS_System
                0x001023e0                APT_CheckNew3DS
                0x0010245c                APT_PrepareToDoAppJump
                0x001024bc                APT_DoAppJump
                0x00102534                APT_PrepareToStartLibraryApplet
                0x00102574                APT_StartLibraryApplet
                0x001025e8                aptAppletStarted
                0x001026ec                aptMainLoop
                0x00102764                APT_LaunchLibraryApplet
 .text          0x0010291c      0x950 /Users/shawnanastasio/devkitPro/libctru/lib/libctru.a(gsp.o)
                0x00102a10                gspInit
                0x00102a24                gspExit
                0x00102a3c                gspInitEventHandler
                0x00102b08                gspExitEventHandler
                0x00102b60                gspWaitForEvent
                0x00102bb8                GSPGPU_WriteHWRegs
                0x00102c3c                GSPGPU_WriteHWRegsWithMask
                0x00102cd8                GSPGPU_ReadHWRegs
                0x00102d5c                GSPGPU_SetBufferSwap
                0x00102ddc                GSPGPU_FlushDataCache
                0x00102e40                GSPGPU_InvalidateDataCache
                0x00102ea4                GSPGPU_SetLcdForceBlack
                0x00102ee4                GSPGPU_TriggerCmdReqQueue
                0x00102f1c                GSPGPU_RegisterInterruptRelayQueue
                0x00102f98                GSPGPU_UnregisterInterruptRelayQueue
                0x00102fd0                GSPGPU_AcquireRight
                0x00103024                GSPGPU_ReleaseRight
                0x0010305c                GSPGPU_ImportDisplayCaptureInfo
                0x001030f0                GSPGPU_SaveVramSysArea
                0x00103128                GSPGPU_RestoreVramSysArea
                0x00103160                GSPGPU_SubmitGxCommand
 .text          0x0010326c      0x264 /Users/shawnanastasio/devkitPro/libctru/lib/libctru.a(gx.o)
                0x0010326c                GX_RequestDma
                0x001032c0                GX_SetCommandList_Last
                0x00103328                GX_SetMemoryFill
                0x0010339c                GX_SetDisplayTransfer
                0x00103400                GX_SetTextureCopy
                0x00103468                GX_SetCommandList_First
 .text          0x001034d0      0x644 /Users/shawnanastasio/devkitPro/libctru/lib/libctru.a(hid.o)
                0x001034d0                hidExit
                0x00103554                hidWaitForEvent
                0x001035ac                hidCheckSectionUpdateTime
                0x001035e8                hidScanInput
                0x0010381c                hidKeysHeld
                0x0010382c                hidKeysDown
                0x0010383c                hidKeysUp
                0x0010384c                hidTouchRead
                0x00103864                hidCircleRead
                0x0010387c                hidAccelRead
                0x0010389c                hidGyroRead
                0x001038bc                HIDUSER_GetHandles
                0x00103950                hidInit
                0x00103a54                HIDUSER_EnableAccelerometer
                0x00103a84                HIDUSER_DisableAccelerometer
                0x00103ab4                HIDUSER_EnableGyroscope
                0x00103ae4                HIDUSER_DisableGyroscope
 .text          0x00103b14      0x360 /Users/shawnanastasio/devkitPro/libctru/lib/libctru.a(irrst.o)
                0x00103b14                irrstExit
                0x00103b7c                irrstWaitForEvent
                0x00103bc8                irrstCheckSectionUpdateTime
                0x00103c04                irrstScanInput
                0x00103cb8                irrstKeysHeld
                0x00103cd0                irrstCstickRead
                0x00103ce8                IRRST_GetHandles
                0x00103d3c                irrstInit
                0x00103e04                IRRST_Initialize
                0x00103e44                IRRST_Shutdown
 *fill*         0x00103e74        0xc 
 .text          0x00103e80      0x220 /Users/shawnanastasio/devkitPro/libctru/lib/libctru.a(svc.o)
                0x00103e80                getThreadCommandBuffer
                0x00103e8c                svcControlMemory
                0x00103eac                svcQueryMemory
                0x00103edc                svcExitProcess
                0x00103ee4                svcCreateThread
                0x00103f04                svcExitThread
                0x00103f0c                svcSleepThread
                0x00103f14                svcCreateMutex
                0x00103f28                svcReleaseMutex
                0x00103f30                svcCreateEvent
                0x00103f44                svcSignalEvent
                0x00103f4c                svcClearEvent
                0x00103f54                svcCreateTimer
                0x00103f68                svcSetTimer
                0x00103f70                svcCancelTimer
                0x00103f78                svcClearTimer
                0x00103f80                svcCreateMemoryBlock
                0x00103f98                svcMapMemoryBlock
                0x00103fa0                svcUnmapMemoryBlock
                0x00103fa8                svcCreateAddressArbiter
                0x00103fb0                svcArbitrateAddress
                0x00103fd0                svcCloseHandle
                0x00103fd8                svcWaitSynchronization
                0x00103fe0                svcWaitSynchronizationN
                0x00104000                svcDuplicateHandle
                0x00104014                svcGetSystemTick
                0x0010401c                svcGetSystemInfo
                0x0010403c                svcGetProcessInfo
                0x00104058                svcConnectToPort
                0x0010406c                svcSendSyncRequest
                0x00104074                svcGetProcessId
                0x00104088                svcOutputDebugString
 .text          0x001040a0      0x1d4 /Users/shawnanastasio/devkitPro/libctru/lib/libctru.a(linear.o)
                0x001040c8                linearMemAlign
                0x00104208                linearAlloc
                0x00104210                linearRealloc
                0x00104218                linearFree
                0x00104268                linearSpaceFree
 .text          0x00104274      0x2f8 /Users/shawnanastasio/devkitPro/libctru/lib/libctru.a(mem_pool.o)
                0x00104274                MemPool::CoalesceRight(MemBlock*)
                0x00104318                MemPool::Allocate(MemChunk&, unsigned long, int)
                0x0010443c                MemPool::Deallocate(MemChunk const&)
                0x0010453c                MemPool::GetFreeSpace()
 .text          0x0010456c       0x70 /Users/shawnanastasio/devkitPro/libctru/lib/libctru.a(rbtree_find.o)
                0x0010456c                rbtree_find
 .text          0x001045dc       0x14 /Users/shawnanastasio/devkitPro/libctru/lib/libctru.a(rbtree_init.o)
                0x001045dc                rbtree_init
 .text          0x001045f0      0x1f4 /Users/shawnanastasio/devkitPro/libctru/lib/libctru.a(rbtree_insert.o)
                0x001047d4                rbtree_insert
                0x001047dc                rbtree_insert_multi
 .text          0x001047e4      0x340 /Users/shawnanastasio/devkitPro/libctru/lib/libctru.a(rbtree_remove.o)
                0x001047e4                rbtree_remove
 .text          0x00104b24       0xac /Users/shawnanastasio/devkitPro/libctru/lib/libctru.a(rbtree_rotate.o)
                0x00104b24                rbtree_rotate
 .text          0x00104bd0      0x118 /Users/shawnanastasio/devkitPro/libctru/lib/libctru.a(rbtree_iterator.o)
                0x00104bd0                rbtree_node_next
                0x00104c5c                rbtree_node_prev
 .text          0x00104ce8       0x48 /Users/shawnanastasio/devkitPro/devkitARM/bin/../lib/gcc/arm-none-eabi/4.9.2/../../../../arm-none-eabi/lib/libg.a(lib_a-fini.o)
                0x00104ce8                __libc_fini_array
 .text          0x00104d30       0x80 /Users/shawnanastasio/devkitPro/devkitARM/bin/../lib/gcc/arm-none-eabi/4.9.2/../../../../arm-none-eabi/lib/libg.a(lib_a-init.o)
                0x00104d30                __libc_init_array
 .text          0x00104db0       0x40 /Users/shawnanastasio/devkitPro/devkitARM/bin/../lib/gcc/arm-none-eabi/4.9.2/../../../../arm-none-eabi/lib/libg.a(lib_a-malloc.o)
                0x00104db0                malloc
                0x00104dd0                free
 .text          0x00104df0      0x724 /Users/shawnanastasio/devkitPro/devkitARM/bin/../lib/gcc/arm-none-eabi/4.9.2/../../../../arm-none-eabi/lib/libg.a(lib_a-mallocr.o)
                0x00104df0                _malloc_r
 .text          0x00105514       0xf0 /Users/shawnanastasio/devkitPro/devkitARM/bin/../lib/gcc/arm-none-eabi/4.9.2/../../../../arm-none-eabi/lib/libg.a(lib_a-memcpy-stub.o)
                0x00105514                memcpy
 .text          0x00105604      0x12c /Users/shawnanastasio/devkitPro/devkitARM/bin/../lib/gcc/arm-none-eabi/4.9.2/../../../../arm-none-eabi/lib/libg.a(lib_a-memmove.o)
                0x00105604                memmove
 .text          0x00105730        0x8 /Users/shawnanastasio/devkitPro/devkitARM/bin/../lib/gcc/arm-none-eabi/4.9.2/../../../../arm-none-eabi/lib/libg.a(lib_a-mlock.o)
                0x00105730                __malloc_lock
                0x00105734                __malloc_unlock
 .text          0x00105738       0xf0 /Users/shawnanastasio/devkitPro/devkitARM/bin/../lib/gcc/arm-none-eabi/4.9.2/../../../../arm-none-eabi/lib/libg.a(lib_a-strcpy.o)
                0x00105738                strcpy
 .text          0x00105828       0x60 /Users/shawnanastasio/devkitPro/devkitARM/bin/../lib/gcc/arm-none-eabi/4.9.2/../../../../arm-none-eabi/lib/libg.a(lib_a-strlen.o)
                0x00105828                strlen
 .text          0x00105888      0x3bc /Users/shawnanastasio/devkitPro/devkitARM/bin/../lib/gcc/arm-none-eabi/4.9.2/../../../../arm-none-eabi/lib/libg.a(lib_a-freer.o)
                0x00105888                _malloc_trim_r
                0x00105988                _free_r
 .text          0x00105c44        0x0 /Users/shawnanastasio/devkitPro/devkitARM/bin/../lib/gcc/arm-none-eabi/4.9.2/../../../../arm-none-eabi/lib/libg.a(lib_a-impure.o)
 .text          0x00105c44       0x70 /Users/shawnanastasio/devkitPro/devkitARM/bin/../lib/gcc/arm-none-eabi/4.9.2/../../../../arm-none-eabi/lib/libsysbase.a(sbrk.o)
                0x00105c44                _sbrk_r
 .text          0x00105cb4        0x0 /Users/shawnanastasio/devkitPro/devkitARM/bin/../lib/gcc/arm-none-eabi/4.9.2/../../../../arm-none-eabi/lib/libsysbase.a(malloc_vars.o)
 .text          0x00105cb4        0x0 /Users/shawnanastasio/devkitPro/devkitARM/bin/../lib/gcc/arm-none-eabi/4.9.2/../../../../arm-none-eabi/lib/libsysbase.a(syscall_support.o)
 .text          0x00105cb4        0x0 /Users/shawnanastasio/devkitPro/devkitARM/bin/../lib/gcc/arm-none-eabi/4.9.2/crtend.o
 .text          0x00105cb4        0x0 /Users/shawnanastasio/devkitPro/devkitARM/bin/../lib/gcc/arm-none-eabi/4.9.2/crtn.o
 *(.text.*)
 .text.startup  0x00105cb4      0x1d0 main.o
                0x00105cb4                main
 *(.glue_7)
 .glue_7        0x00000000        0x0 linker stubs
 *(.glue_7t)
 .glue_7t       0x00000000        0x0 linker stubs
 *(.stub)
 *(.gnu.warning)
 *(.gnu.linkonce.t*)
                0x00105e84                . = ALIGN (0x4)
 *(.fini)
 .fini          0x00105e84        0xc /Users/shawnanastasio/devkitPro/devkitARM/bin/../lib/gcc/arm-none-eabi/4.9.2/crti.o
                0x00105e84                _fini
 .fini          0x00105e90        0xc /Users/shawnanastasio/devkitPro/devkitARM/bin/../lib/gcc/arm-none-eabi/4.9.2/crtn.o
                0x00105e9c                . = ALIGN (0x4)

.vfp11_veneer   0x00105e9c        0x0
 .vfp11_veneer  0x00000000        0x0 linker stubs

.v4_bx          0x00105e9c        0x0
 .v4_bx         0x00000000        0x0 linker stubs

.iplt           0x00105e9c        0x0
 .iplt          0x00000000        0x0 /Users/shawnanastasio/devkitPro/devkitARM/bin/../lib/gcc/arm-none-eabi/4.9.2/../../../../arm-none-eabi/lib/3dsx_crt0.o

.rodata         0x00106000     0x807c
 *(.rodata)
 .rodata        0x00106000     0x8004 font.bin.o
                0x00106000                font_bin
                0x0010e000                font_bin_end
                0x0010e000                font_bin_size
 .rodata        0x0010e004        0xc /Users/shawnanastasio/devkitPro/libctru/lib/libctru.a(apt.o)
 .rodata        0x0010e010        0x4 /Users/shawnanastasio/devkitPro/devkitARM/bin/../lib/gcc/arm-none-eabi/4.9.2/../../../../arm-none-eabi/lib/libg.a(lib_a-impure.o)
                0x0010e010                _global_impure_ptr
 *(.roda)
 *(.rodata.*)
 .rodata.str1.4
                0x0010e014       0x1a main.o
                                 0x1c (size before relaxing)
 *fill*         0x0010e02e        0x2 
 .rodata.str1.4
                0x0010e030        0xf /Users/shawnanastasio/devkitPro/libctru/lib/libctru.a(srv.o)
                                 0x10 (size before relaxing)
 *fill*         0x0010e03f        0x1 
 .rodata.str1.4
                0x0010e040       0x16 /Users/shawnanastasio/devkitPro/libctru/lib/libctru.a(apt.o)
                                 0x18 (size before relaxing)
 *fill*         0x0010e056        0x2 
 .rodata.str1.4
                0x0010e058        0x9 /Users/shawnanastasio/devkitPro/libctru/lib/libctru.a(gsp.o)
                                  0xc (size before relaxing)
 *fill*         0x0010e061        0x3 
 .rodata.str1.4
                0x0010e064        0x9 /Users/shawnanastasio/devkitPro/libctru/lib/libctru.a(hid.o)
                                  0xc (size before relaxing)
 *fill*         0x0010e06d        0x3 
 .rodata.str1.4
                0x0010e070        0x7 /Users/shawnanastasio/devkitPro/libctru/lib/libctru.a(irrst.o)
                                  0x8 (size before relaxing)
 *fill*         0x0010e077        0x1 
 .rodata.str1.4
                0x0010e078        0x4 /Users/shawnanastasio/devkitPro/devkitARM/bin/../lib/gcc/arm-none-eabi/4.9.2/../../../../arm-none-eabi/lib/libg.a(lib_a-impure.o)
 *all.rodata*(*)
 *(.gnu.linkonce.r*)
                0x0010e07c                . = ALIGN (0x4)

.rel.dyn        0x0010e07c        0x0
 .rel.iplt      0x00000000        0x0 /Users/shawnanastasio/devkitPro/devkitARM/bin/../lib/gcc/arm-none-eabi/4.9.2/../../../../arm-none-eabi/lib/3dsx_crt0.o

.ARM.extab
 *(.ARM.extab* .gnu.linkonce.armextab.*)
                0x0010e07c                __exidx_start = .

ARM.exidx
 *(.ARM.exidx* .gnu.linkonce.armexidx.*)
                0x0010e07c                __exidx_end = .

.data           0x0010f000     0x5320
 *(.data)
 .data          0x0010f000        0x0 /Users/shawnanastasio/devkitPro/devkitARM/bin/../lib/gcc/arm-none-eabi/4.9.2/../../../../arm-none-eabi/lib/3dsx_crt0.o
 .data          0x0010f000        0x0 /Users/shawnanastasio/devkitPro/devkitARM/bin/../lib/gcc/arm-none-eabi/4.9.2/crti.o
 .data          0x0010f000        0x4 /Users/shawnanastasio/devkitPro/devkitARM/bin/../lib/gcc/arm-none-eabi/4.9.2/crtbegin.o
                0x0010f000                __dso_handle
 .data          0x0010f004        0x0 font.bin.o
 .data          0x0010f004        0xc font.o
                0x0010f004                fontDefault
 .data          0x0010f010     0x42cc font1.o
                0x0010f010                font1Data
                0x00110edc                font1Desc
 .data          0x001132dc      0x800 main.o
                0x001132dc                costable
 .data          0x00113adc        0x0 text.o
 .data          0x00113adc        0x0 /Users/shawnanastasio/devkitPro/libctru/lib/libctru.a(gfx.o)
 .data          0x00113adc        0x0 /Users/shawnanastasio/devkitPro/libctru/lib/libctru.a(initSystem.o)
 .data          0x00113adc        0x0 /Users/shawnanastasio/devkitPro/libctru/lib/libctru.a(srv.o)
 .data          0x00113adc        0x0 /Users/shawnanastasio/devkitPro/libctru/lib/libctru.a(apt.o)
 .data          0x00113adc        0x0 /Users/shawnanastasio/devkitPro/libctru/lib/libctru.a(gsp.o)
 .data          0x00113adc        0x0 /Users/shawnanastasio/devkitPro/libctru/lib/libctru.a(gx.o)
 .data          0x00113adc        0x0 /Users/shawnanastasio/devkitPro/libctru/lib/libctru.a(hid.o)
 .data          0x00113adc        0x0 /Users/shawnanastasio/devkitPro/libctru/lib/libctru.a(irrst.o)
 .data          0x00113adc        0x0 /Users/shawnanastasio/devkitPro/libctru/lib/libctru.a(svc.o)
 .data          0x00113adc        0x0 /Users/shawnanastasio/devkitPro/libctru/lib/libctru.a(linear.o)
 .data          0x00113adc        0x0 /Users/shawnanastasio/devkitPro/libctru/lib/libctru.a(mem_pool.o)
 .data          0x00113adc        0x0 /Users/shawnanastasio/devkitPro/libctru/lib/libctru.a(rbtree_find.o)
 .data          0x00113adc        0x0 /Users/shawnanastasio/devkitPro/libctru/lib/libctru.a(rbtree_init.o)
 .data          0x00113adc        0x0 /Users/shawnanastasio/devkitPro/libctru/lib/libctru.a(rbtree_insert.o)
 .data          0x00113adc        0x0 /Users/shawnanastasio/devkitPro/libctru/lib/libctru.a(rbtree_remove.o)
 .data          0x00113adc        0x0 /Users/shawnanastasio/devkitPro/libctru/lib/libctru.a(rbtree_rotate.o)
 .data          0x00113adc        0x0 /Users/shawnanastasio/devkitPro/libctru/lib/libctru.a(rbtree_iterator.o)
 .data          0x00113adc        0x0 /Users/shawnanastasio/devkitPro/devkitARM/bin/../lib/gcc/arm-none-eabi/4.9.2/../../../../arm-none-eabi/lib/libg.a(lib_a-fini.o)
 .data          0x00113adc        0x0 /Users/shawnanastasio/devkitPro/devkitARM/bin/../lib/gcc/arm-none-eabi/4.9.2/../../../../arm-none-eabi/lib/libg.a(lib_a-init.o)
 .data          0x00113adc        0x0 /Users/shawnanastasio/devkitPro/devkitARM/bin/../lib/gcc/arm-none-eabi/4.9.2/../../../../arm-none-eabi/lib/libg.a(lib_a-malloc.o)
 .data          0x00113adc      0x410 /Users/shawnanastasio/devkitPro/devkitARM/bin/../lib/gcc/arm-none-eabi/4.9.2/../../../../arm-none-eabi/lib/libg.a(lib_a-mallocr.o)
                0x00113adc                __malloc_av_
                0x00113ee4                __malloc_sbrk_base
                0x00113ee8                __malloc_trim_threshold
 .data          0x00113eec        0x0 /Users/shawnanastasio/devkitPro/devkitARM/bin/../lib/gcc/arm-none-eabi/4.9.2/../../../../arm-none-eabi/lib/libg.a(lib_a-memcpy-stub.o)
 .data          0x00113eec        0x0 /Users/shawnanastasio/devkitPro/devkitARM/bin/../lib/gcc/arm-none-eabi/4.9.2/../../../../arm-none-eabi/lib/libg.a(lib_a-memmove.o)
 .data          0x00113eec        0x0 /Users/shawnanastasio/devkitPro/devkitARM/bin/../lib/gcc/arm-none-eabi/4.9.2/../../../../arm-none-eabi/lib/libg.a(lib_a-mlock.o)
 .data          0x00113eec        0x0 /Users/shawnanastasio/devkitPro/devkitARM/bin/../lib/gcc/arm-none-eabi/4.9.2/../../../../arm-none-eabi/lib/libg.a(lib_a-strcpy.o)
 .data          0x00113eec        0x0 /Users/shawnanastasio/devkitPro/devkitARM/bin/../lib/gcc/arm-none-eabi/4.9.2/../../../../arm-none-eabi/lib/libg.a(lib_a-strlen.o)
 .data          0x00113eec        0x0 /Users/shawnanastasio/devkitPro/devkitARM/bin/../lib/gcc/arm-none-eabi/4.9.2/../../../../arm-none-eabi/lib/libg.a(lib_a-freer.o)
 *fill*         0x00113eec        0x4 
 .data          0x00113ef0      0x430 /Users/shawnanastasio/devkitPro/devkitARM/bin/../lib/gcc/arm-none-eabi/4.9.2/../../../../arm-none-eabi/lib/libg.a(lib_a-impure.o)
                0x00113ef0                _impure_ptr
 .data          0x00114320        0x0 /Users/shawnanastasio/devkitPro/devkitARM/bin/../lib/gcc/arm-none-eabi/4.9.2/../../../../arm-none-eabi/lib/libsysbase.a(sbrk.o)
 .data          0x00114320        0x0 /Users/shawnanastasio/devkitPro/devkitARM/bin/../lib/gcc/arm-none-eabi/4.9.2/../../../../arm-none-eabi/lib/libsysbase.a(malloc_vars.o)
 .data          0x00114320        0x0 /Users/shawnanastasio/devkitPro/devkitARM/bin/../lib/gcc/arm-none-eabi/4.9.2/../../../../arm-none-eabi/lib/libsysbase.a(syscall_support.o)
 .data          0x00114320        0x0 /Users/shawnanastasio/devkitPro/devkitARM/bin/../lib/gcc/arm-none-eabi/4.9.2/crtend.o
 .data          0x00114320        0x0 /Users/shawnanastasio/devkitPro/devkitARM/bin/../lib/gcc/arm-none-eabi/4.9.2/crtn.o
 *(.data.*)
 *(.gnu.linkonce.d*)
                0x00114320                . = ALIGN (0x4)

.igot.plt       0x00114320        0x0
 .igot.plt      0x00000000        0x0 /Users/shawnanastasio/devkitPro/devkitARM/bin/../lib/gcc/arm-none-eabi/4.9.2/../../../../arm-none-eabi/lib/3dsx_crt0.o

.eh_frame       0x00114320        0x4
 .eh_frame      0x00114320        0x0 /Users/shawnanastasio/devkitPro/devkitARM/bin/../lib/gcc/arm-none-eabi/4.9.2/crtbegin.o
 .eh_frame      0x00114320        0x4 /Users/shawnanastasio/devkitPro/devkitARM/bin/../lib/gcc/arm-none-eabi/4.9.2/crtend.o

.jcr            0x00114324        0x4
 .jcr           0x00114324        0x0 /Users/shawnanastasio/devkitPro/devkitARM/bin/../lib/gcc/arm-none-eabi/4.9.2/crtbegin.o
 .jcr           0x00114324        0x4 /Users/shawnanastasio/devkitPro/devkitARM/bin/../lib/gcc/arm-none-eabi/4.9.2/crtend.o

.tm_clone_table
                0x00114328        0x0
 .tm_clone_table
                0x00114328        0x0 /Users/shawnanastasio/devkitPro/devkitARM/bin/../lib/gcc/arm-none-eabi/4.9.2/crtbegin.o
 .tm_clone_table
                0x00114328        0x0 /Users/shawnanastasio/devkitPro/devkitARM/bin/../lib/gcc/arm-none-eabi/4.9.2/crtend.o
                0x00114328                __TMC_END__

.preinit_array  0x00114328        0x0
                0x00114328                PROVIDE (__preinit_array_start, .)
 *(.preinit_array)
                0x00114328                PROVIDE (__preinit_array_end, .)

.init_array     0x00114328        0x4
                0x00114328                PROVIDE (__init_array_start, .)
 *(SORT(.init_array.*))
 *(.init_array)
 .init_array    0x00114328        0x4 /Users/shawnanastasio/devkitPro/devkitARM/bin/../lib/gcc/arm-none-eabi/4.9.2/crtbegin.o
                0x0011432c                PROVIDE (__init_array_end, .)

.fini_array     0x0011432c        0x4
                0x0011432c                PROVIDE (__fini_array_start, .)
 *(.fini_array)
 .fini_array    0x0011432c        0x4 /Users/shawnanastasio/devkitPro/devkitARM/bin/../lib/gcc/arm-none-eabi/4.9.2/crtbegin.o
 *(SORT(.fini_array.*))
                0x00114330                PROVIDE (__fini_array_end, .)

.ctors
 *crtbegin.o(.ctors)
 *(EXCLUDE_FILE(*crtend.o) .ctors)
 *(SORT(.ctors.*))
 *(.ctors)

.dtors
 *crtbegin.o(.dtors)
 *(EXCLUDE_FILE(*crtend.o) .dtors)
 *(SORT(.dtors.*))
 *(.dtors)
                0x00114330                __bss_start__ = .

.bss            0x00114330     0x5208
 *(.dynbss)
 *(.bss)
 .bss           0x00114330        0x0 /Users/shawnanastasio/devkitPro/devkitARM/bin/../lib/gcc/arm-none-eabi/4.9.2/../../../../arm-none-eabi/lib/3dsx_crt0.o
 .bss           0x00114330        0x0 /Users/shawnanastasio/devkitPro/devkitARM/bin/../lib/gcc/arm-none-eabi/4.9.2/crti.o
 .bss           0x00114330       0x1c /Users/shawnanastasio/devkitPro/devkitARM/bin/../lib/gcc/arm-none-eabi/4.9.2/crtbegin.o
 .bss           0x0011434c        0x0 font.bin.o
 .bss           0x0011434c        0x0 font.o
 .bss           0x0011434c        0x0 font1.o
 .bss           0x0011434c        0x0 main.o
 .bss           0x0011434c        0x0 text.o
 .bss           0x0011434c        0x0 /Users/shawnanastasio/devkitPro/libctru/lib/libctru.a(gfx.o)
 .bss           0x0011434c        0x4 /Users/shawnanastasio/devkitPro/libctru/lib/libctru.a(initSystem.o)
 .bss           0x00114350        0x4 /Users/shawnanastasio/devkitPro/libctru/lib/libctru.a(srv.o)
 .bss           0x00114354       0x4c /Users/shawnanastasio/devkitPro/libctru/lib/libctru.a(apt.o)
                0x00114358                aptStatusEvent
                0x0011435c                aptStatus
                0x00114360                aptStatusPower
                0x00114364                aptSleepSync
                0x00114388                aptStatusBeforeSleep
 .bss           0x001143a0        0xc /Users/shawnanastasio/devkitPro/libctru/lib/libctru.a(gsp.o)
                0x001143a8                gspGpuHandle
 .bss           0x001143ac        0x0 /Users/shawnanastasio/devkitPro/libctru/lib/libctru.a(gx.o)
 .bss           0x001143ac       0x28 /Users/shawnanastasio/devkitPro/libctru/lib/libctru.a(hid.o)
 .bss           0x001143d4        0xc /Users/shawnanastasio/devkitPro/libctru/lib/libctru.a(irrst.o)
 .bss           0x001143e0        0x0 /Users/shawnanastasio/devkitPro/libctru/lib/libctru.a(svc.o)
 .bss           0x001143e0       0x14 /Users/shawnanastasio/devkitPro/libctru/lib/libctru.a(linear.o)
 .bss           0x001143f4        0x0 /Users/shawnanastasio/devkitPro/libctru/lib/libctru.a(mem_pool.o)
 .bss           0x001143f4        0x0 /Users/shawnanastasio/devkitPro/libctru/lib/libctru.a(rbtree_find.o)
 .bss           0x001143f4        0x0 /Users/shawnanastasio/devkitPro/libctru/lib/libctru.a(rbtree_init.o)
 .bss           0x001143f4        0x0 /Users/shawnanastasio/devkitPro/libctru/lib/libctru.a(rbtree_insert.o)
 .bss           0x001143f4        0x0 /Users/shawnanastasio/devkitPro/libctru/lib/libctru.a(rbtree_remove.o)
 .bss           0x001143f4        0x0 /Users/shawnanastasio/devkitPro/libctru/lib/libctru.a(rbtree_rotate.o)
 .bss           0x001143f4        0x0 /Users/shawnanastasio/devkitPro/libctru/lib/libctru.a(rbtree_iterator.o)
 .bss           0x001143f4        0x0 /Users/shawnanastasio/devkitPro/devkitARM/bin/../lib/gcc/arm-none-eabi/4.9.2/../../../../arm-none-eabi/lib/libg.a(lib_a-fini.o)
 .bss           0x001143f4        0x0 /Users/shawnanastasio/devkitPro/devkitARM/bin/../lib/gcc/arm-none-eabi/4.9.2/../../../../arm-none-eabi/lib/libg.a(lib_a-init.o)
 .bss           0x001143f4        0x0 /Users/shawnanastasio/devkitPro/devkitARM/bin/../lib/gcc/arm-none-eabi/4.9.2/../../../../arm-none-eabi/lib/libg.a(lib_a-malloc.o)
 .bss           0x001143f4       0x34 /Users/shawnanastasio/devkitPro/devkitARM/bin/../lib/gcc/arm-none-eabi/4.9.2/../../../../arm-none-eabi/lib/libg.a(lib_a-mallocr.o)
                0x001143f4                __malloc_top_pad
                0x001143f8                __malloc_current_mallinfo
                0x00114420                __malloc_max_sbrked_mem
                0x00114424                __malloc_max_total_mem
 .bss           0x00114428        0x0 /Users/shawnanastasio/devkitPro/devkitARM/bin/../lib/gcc/arm-none-eabi/4.9.2/../../../../arm-none-eabi/lib/libg.a(lib_a-memcpy-stub.o)
 .bss           0x00114428        0x0 /Users/shawnanastasio/devkitPro/devkitARM/bin/../lib/gcc/arm-none-eabi/4.9.2/../../../../arm-none-eabi/lib/libg.a(lib_a-memmove.o)
 .bss           0x00114428        0x0 /Users/shawnanastasio/devkitPro/devkitARM/bin/../lib/gcc/arm-none-eabi/4.9.2/../../../../arm-none-eabi/lib/libg.a(lib_a-mlock.o)
 .bss           0x00114428        0x0 /Users/shawnanastasio/devkitPro/devkitARM/bin/../lib/gcc/arm-none-eabi/4.9.2/../../../../arm-none-eabi/lib/libg.a(lib_a-strcpy.o)
 .bss           0x00114428        0x0 /Users/shawnanastasio/devkitPro/devkitARM/bin/../lib/gcc/arm-none-eabi/4.9.2/../../../../arm-none-eabi/lib/libg.a(lib_a-strlen.o)
 .bss           0x00114428        0x0 /Users/shawnanastasio/devkitPro/devkitARM/bin/../lib/gcc/arm-none-eabi/4.9.2/../../../../arm-none-eabi/lib/libg.a(lib_a-freer.o)
 .bss           0x00114428        0x0 /Users/shawnanastasio/devkitPro/devkitARM/bin/../lib/gcc/arm-none-eabi/4.9.2/../../../../arm-none-eabi/lib/libg.a(lib_a-impure.o)
 .bss           0x00114428        0x4 /Users/shawnanastasio/devkitPro/devkitARM/bin/../lib/gcc/arm-none-eabi/4.9.2/../../../../arm-none-eabi/lib/libsysbase.a(sbrk.o)
 .bss           0x0011442c        0x8 /Users/shawnanastasio/devkitPro/devkitARM/bin/../lib/gcc/arm-none-eabi/4.9.2/../../../../arm-none-eabi/lib/libsysbase.a(malloc_vars.o)
                0x0011442c                fake_heap_start
                0x00114430                fake_heap_end
 .bss           0x00114434        0x8 /Users/shawnanastasio/devkitPro/devkitARM/bin/../lib/gcc/arm-none-eabi/4.9.2/../../../../arm-none-eabi/lib/libsysbase.a(syscall_support.o)
                0x00114434                __syscalls
 .bss           0x0011443c        0x0 /Users/shawnanastasio/devkitPro/devkitARM/bin/../lib/gcc/arm-none-eabi/4.9.2/crtend.o
 .bss           0x0011443c        0x0 /Users/shawnanastasio/devkitPro/devkitARM/bin/../lib/gcc/arm-none-eabi/4.9.2/crtn.o
 *(.bss.*)
 *(.gnu.linkonce.b*)
 *(COMMON)
 COMMON         0x0011443c     0x2004 main.o
                0x0011443c                cnt
                0x00114440                superStr
 COMMON         0x00116440       0x68 /Users/shawnanastasio/devkitPro/libctru/lib/libctru.a(gfx.o)
                0x00116440                gfxBottomFramebuffers
                0x00116448                gspSharedMemHandle
                0x0011644c                bottomFramebufferInfo
                0x00116468                gspEvent
                0x0011646c                currentBuffer
                0x00116470                gfxTopLeftFramebuffers
                0x00116478                enable3d
                0x0011647c                gfxTopRightFramebuffers
                0x00116484                topFramebufferInfo
                0x001164a0                gfxThreadID
                0x001164a4                gfxSharedMemory
 COMMON         0x001164a8       0x10 /Users/shawnanastasio/devkitPro/libctru/lib/libctru.a(initSystem.o)
                0x001164a8                __system_argv
                0x001164ac                __system_argc
                0x001164b0                __linear_heap
                0x001164b4                __system_retAddr
 COMMON         0x001164b8     0x2022 /Users/shawnanastasio/devkitPro/libctru/lib/libctru.a(apt.o)
                0x001164b8                aptEventHandlerThread
                0x001164bc                aptParameters
                0x001174c0                aptEventHandlerStack
                0x001184c0                aptuHandle
                0x001184c4                aptEvents
                0x001184d0                aptStatusMutex
                0x001184d4                aptLockHandle
                0x001184d8                currentAppId
 *fill*         0x001184da        0x6 
 COMMON         0x001184e0     0x1021 /Users/shawnanastasio/devkitPro/libctru/lib/libctru.a(gsp.o)
                0x001184e0                gspEventStack
                0x001194e0                gspEventThread
                0x001194e4                gspEvents
                0x00119500                gspRunEvents
 *fill*         0x00119501        0x3 
 COMMON         0x00119504        0x4 /Users/shawnanastasio/devkitPro/libctru/lib/libctru.a(gx.o)
                0x00119504                gxCmdBuf
 COMMON         0x00119508       0x20 /Users/shawnanastasio/devkitPro/libctru/lib/libctru.a(hid.o)
                0x00119508                hidMemHandle
                0x0011950c                hidHandle
                0x00119510                hidSharedMem
                0x00119514                hidEvents
 COMMON         0x00119528       0x10 /Users/shawnanastasio/devkitPro/libctru/lib/libctru.a(irrst.o)
                0x00119528                irrstHandle
                0x0011952c                irrstEvent
                0x00119530                irrstMemHandle
                0x00119534                irrstSharedMem
                0x00119538                . = ALIGN (0x4)
                0x00119538                __bss_end__ = .
                0x00119538                __end__ = ABSOLUTE (.)

/DISCARD/
 *(.group .comment .note)

.stab
 *(.stab)

.stabstr
 *(.stabstr)

.stab.excl
 *(.stab.excl)

.stab.exclstr
 *(.stab.exclstr)

.stab.index
 *(.stab.index)

.stab.indexstr
 *(.stab.indexstr)

.debug
 *(.debug)

.line
 *(.line)

.debug_srcinfo
 *(.debug_srcinfo)

.debug_sfnames
 *(.debug_sfnames)

.debug_aranges  0x00000000      0x298
 *(.debug_aranges)
 .debug_aranges
                0x00000000       0x18 font.o
 .debug_aranges
                0x00000018       0x18 font1.o
 .debug_aranges
                0x00000030       0x28 main.o
 .debug_aranges
                0x00000058       0x20 text.o
 .debug_aranges
                0x00000078       0x20 /Users/shawnanastasio/devkitPro/libctru/lib/libctru.a(gfx.o)
 .debug_aranges
                0x00000098       0x20 /Users/shawnanastasio/devkitPro/libctru/lib/libctru.a(initSystem.o)
 .debug_aranges
                0x000000b8       0x20 /Users/shawnanastasio/devkitPro/libctru/lib/libctru.a(srv.o)
 .debug_aranges
                0x000000d8       0x20 /Users/shawnanastasio/devkitPro/libctru/lib/libctru.a(apt.o)
 .debug_aranges
                0x000000f8       0x20 /Users/shawnanastasio/devkitPro/libctru/lib/libctru.a(gsp.o)
 .debug_aranges
                0x00000118       0x20 /Users/shawnanastasio/devkitPro/libctru/lib/libctru.a(gx.o)
 .debug_aranges
                0x00000138       0x20 /Users/shawnanastasio/devkitPro/libctru/lib/libctru.a(hid.o)
 .debug_aranges
                0x00000158       0x20 /Users/shawnanastasio/devkitPro/libctru/lib/libctru.a(irrst.o)
 .debug_aranges
                0x00000178       0x20 /Users/shawnanastasio/devkitPro/libctru/lib/libctru.a(svc.o)
 .debug_aranges
                0x00000198       0x20 /Users/shawnanastasio/devkitPro/libctru/lib/libctru.a(linear.o)
 .debug_aranges
                0x000001b8       0x20 /Users/shawnanastasio/devkitPro/libctru/lib/libctru.a(mem_pool.o)
 .debug_aranges
                0x000001d8       0x20 /Users/shawnanastasio/devkitPro/libctru/lib/libctru.a(rbtree_find.o)
 .debug_aranges
                0x000001f8       0x20 /Users/shawnanastasio/devkitPro/libctru/lib/libctru.a(rbtree_init.o)
 .debug_aranges
                0x00000218       0x20 /Users/shawnanastasio/devkitPro/libctru/lib/libctru.a(rbtree_insert.o)
 .debug_aranges
                0x00000238       0x20 /Users/shawnanastasio/devkitPro/libctru/lib/libctru.a(rbtree_remove.o)
 .debug_aranges
                0x00000258       0x20 /Users/shawnanastasio/devkitPro/libctru/lib/libctru.a(rbtree_rotate.o)
 .debug_aranges
                0x00000278       0x20 /Users/shawnanastasio/devkitPro/libctru/lib/libctru.a(rbtree_iterator.o)

.debug_pubnames
 *(.debug_pubnames)

.debug_info     0x00000000     0xa650
 *(.debug_info)
 .debug_info    0x00000000      0x19e font.o
 .debug_info    0x0000019e      0x14b font1.o
 .debug_info    0x000002e9      0x817 main.o
 .debug_info    0x00000b00      0x5e3 text.o
 .debug_info    0x000010e3      0xb57 /Users/shawnanastasio/devkitPro/libctru/lib/libctru.a(gfx.o)
 .debug_info    0x00001c3a      0xc18 /Users/shawnanastasio/devkitPro/libctru/lib/libctru.a(initSystem.o)
 .debug_info    0x00002852      0x5b3 /Users/shawnanastasio/devkitPro/libctru/lib/libctru.a(srv.o)
 .debug_info    0x00002e05     0x2817 /Users/shawnanastasio/devkitPro/libctru/lib/libctru.a(apt.o)
 .debug_info    0x0000561c      0xe20 /Users/shawnanastasio/devkitPro/libctru/lib/libctru.a(gsp.o)
 .debug_info    0x0000643c      0x4e7 /Users/shawnanastasio/devkitPro/libctru/lib/libctru.a(gx.o)
 .debug_info    0x00006923      0xbf1 /Users/shawnanastasio/devkitPro/libctru/lib/libctru.a(hid.o)
 .debug_info    0x00007514      0x678 /Users/shawnanastasio/devkitPro/libctru/lib/libctru.a(irrst.o)
 .debug_info    0x00007b8c       0x89 /Users/shawnanastasio/devkitPro/libctru/lib/libctru.a(svc.o)
 .debug_info    0x00007c15      0xa68 /Users/shawnanastasio/devkitPro/libctru/lib/libctru.a(linear.o)
 .debug_info    0x0000867d      0x8dc /Users/shawnanastasio/devkitPro/libctru/lib/libctru.a(mem_pool.o)
 .debug_info    0x00008f59      0x1c9 /Users/shawnanastasio/devkitPro/libctru/lib/libctru.a(rbtree_find.o)
 .debug_info    0x00009122      0x178 /Users/shawnanastasio/devkitPro/libctru/lib/libctru.a(rbtree_init.o)
 .debug_info    0x0000929a      0x60c /Users/shawnanastasio/devkitPro/libctru/lib/libctru.a(rbtree_insert.o)
 .debug_info    0x000098a6      0x81b /Users/shawnanastasio/devkitPro/libctru/lib/libctru.a(rbtree_remove.o)
 .debug_info    0x0000a0c1      0x2ec /Users/shawnanastasio/devkitPro/libctru/lib/libctru.a(rbtree_rotate.o)
 .debug_info    0x0000a3ad      0x2a3 /Users/shawnanastasio/devkitPro/libctru/lib/libctru.a(rbtree_iterator.o)

.debug_abbrev   0x00000000     0x2830
 *(.debug_abbrev)
 .debug_abbrev  0x00000000       0xab font.o
 .debug_abbrev  0x000000ab       0xaf font1.o
 .debug_abbrev  0x0000015a      0x245 main.o
 .debug_abbrev  0x0000039f      0x1ff text.o
 .debug_abbrev  0x0000059e      0x2bd /Users/shawnanastasio/devkitPro/libctru/lib/libctru.a(gfx.o)
 .debug_abbrev  0x0000085b      0x2d8 /Users/shawnanastasio/devkitPro/libctru/lib/libctru.a(initSystem.o)
 .debug_abbrev  0x00000b33      0x22a /Users/shawnanastasio/devkitPro/libctru/lib/libctru.a(srv.o)
 .debug_abbrev  0x00000d5d      0x3b5 /Users/shawnanastasio/devkitPro/libctru/lib/libctru.a(apt.o)
 .debug_abbrev  0x00001112      0x2b6 /Users/shawnanastasio/devkitPro/libctru/lib/libctru.a(gsp.o)
 .debug_abbrev  0x000013c8       0xf9 /Users/shawnanastasio/devkitPro/libctru/lib/libctru.a(gx.o)
 .debug_abbrev  0x000014c1      0x2c4 /Users/shawnanastasio/devkitPro/libctru/lib/libctru.a(hid.o)
 .debug_abbrev  0x00001785      0x24d /Users/shawnanastasio/devkitPro/libctru/lib/libctru.a(irrst.o)
 .debug_abbrev  0x000019d2       0x14 /Users/shawnanastasio/devkitPro/libctru/lib/libctru.a(svc.o)
 .debug_abbrev  0x000019e6      0x327 /Users/shawnanastasio/devkitPro/libctru/lib/libctru.a(linear.o)
 .debug_abbrev  0x00001d0d      0x292 /Users/shawnanastasio/devkitPro/libctru/lib/libctru.a(mem_pool.o)
 .debug_abbrev  0x00001f9f       0xec /Users/shawnanastasio/devkitPro/libctru/lib/libctru.a(rbtree_find.o)
 .debug_abbrev  0x0000208b       0xb0 /Users/shawnanastasio/devkitPro/libctru/lib/libctru.a(rbtree_init.o)
 .debug_abbrev  0x0000213b      0x21d /Users/shawnanastasio/devkitPro/libctru/lib/libctru.a(rbtree_insert.o)
 .debug_abbrev  0x00002358      0x205 /Users/shawnanastasio/devkitPro/libctru/lib/libctru.a(rbtree_remove.o)
 .debug_abbrev  0x0000255d      0x170 /Users/shawnanastasio/devkitPro/libctru/lib/libctru.a(rbtree_rotate.o)
 .debug_abbrev  0x000026cd      0x163 /Users/shawnanastasio/devkitPro/libctru/lib/libctru.a(rbtree_iterator.o)

.debug_line     0x00000000     0x33d1
 *(.debug_line)
 .debug_line    0x00000000      0x148 font.o
 .debug_line    0x00000148      0x149 font1.o
 .debug_line    0x00000291      0x330 main.o
 .debug_line    0x000005c1      0x27a text.o
 .debug_line    0x0000083b      0x2da /Users/shawnanastasio/devkitPro/libctru/lib/libctru.a(gfx.o)
 .debug_line    0x00000b15      0x286 /Users/shawnanastasio/devkitPro/libctru/lib/libctru.a(initSystem.o)
 .debug_line    0x00000d9b      0x256 /Users/shawnanastasio/devkitPro/libctru/lib/libctru.a(srv.o)
 .debug_line    0x00000ff1      0x5b4 /Users/shawnanastasio/devkitPro/libctru/lib/libctru.a(apt.o)
 .debug_line    0x000015a5      0x348 /Users/shawnanastasio/devkitPro/libctru/lib/libctru.a(gsp.o)
 .debug_line    0x000018ed      0x23c /Users/shawnanastasio/devkitPro/libctru/lib/libctru.a(gx.o)
 .debug_line    0x00001b29      0x2b2 /Users/shawnanastasio/devkitPro/libctru/lib/libctru.a(hid.o)
 .debug_line    0x00001ddb      0x245 /Users/shawnanastasio/devkitPro/libctru/lib/libctru.a(irrst.o)
 .debug_line    0x00002020       0xe8 /Users/shawnanastasio/devkitPro/libctru/lib/libctru.a(svc.o)
 .debug_line    0x00002108      0x2de /Users/shawnanastasio/devkitPro/libctru/lib/libctru.a(linear.o)
 .debug_line    0x000023e6      0x31b /Users/shawnanastasio/devkitPro/libctru/lib/libctru.a(mem_pool.o)
 .debug_line    0x00002701      0x1cc /Users/shawnanastasio/devkitPro/libctru/lib/libctru.a(rbtree_find.o)
 .debug_line    0x000028cd      0x1ba /Users/shawnanastasio/devkitPro/libctru/lib/libctru.a(rbtree_init.o)
 .debug_line    0x00002a87      0x284 /Users/shawnanastasio/devkitPro/libctru/lib/libctru.a(rbtree_insert.o)
 .debug_line    0x00002d0b      0x313 /Users/shawnanastasio/devkitPro/libctru/lib/libctru.a(rbtree_remove.o)
 .debug_line    0x0000301e      0x215 /Users/shawnanastasio/devkitPro/libctru/lib/libctru.a(rbtree_rotate.o)
 .debug_line    0x00003233      0x19e /Users/shawnanastasio/devkitPro/libctru/lib/libctru.a(rbtree_iterator.o)

.debug_frame    0x00000000     0x1354
 *(.debug_frame)
 .debug_frame   0x00000000       0xa4 main.o
 .debug_frame   0x000000a4       0x9c text.o
 .debug_frame   0x00000140      0x128 /Users/shawnanastasio/devkitPro/libctru/lib/libctru.a(gfx.o)
 .debug_frame   0x00000268       0x5c /Users/shawnanastasio/devkitPro/libctru/lib/libctru.a(initSystem.o)
 .debug_frame   0x000002c4      0x118 /Users/shawnanastasio/devkitPro/libctru/lib/libctru.a(srv.o)
 .debug_frame   0x000003dc      0x650 /Users/shawnanastasio/devkitPro/libctru/lib/libctru.a(apt.o)
 .debug_frame   0x00000a2c      0x2cc /Users/shawnanastasio/devkitPro/libctru/lib/libctru.a(gsp.o)
 .debug_frame   0x00000cf8       0xf0 /Users/shawnanastasio/devkitPro/libctru/lib/libctru.a(gx.o)
 .debug_frame   0x00000de8      0x1b8 /Users/shawnanastasio/devkitPro/libctru/lib/libctru.a(hid.o)
 .debug_frame   0x00000fa0      0x120 /Users/shawnanastasio/devkitPro/libctru/lib/libctru.a(irrst.o)
 .debug_frame   0x000010c0       0xc0 /Users/shawnanastasio/devkitPro/libctru/lib/libctru.a(linear.o)
 .debug_frame   0x00001180       0x9c /Users/shawnanastasio/devkitPro/libctru/lib/libctru.a(mem_pool.o)
 .debug_frame   0x0000121c       0x30 /Users/shawnanastasio/devkitPro/libctru/lib/libctru.a(rbtree_find.o)
 .debug_frame   0x0000124c       0x20 /Users/shawnanastasio/devkitPro/libctru/lib/libctru.a(rbtree_init.o)
 .debug_frame   0x0000126c       0x54 /Users/shawnanastasio/devkitPro/libctru/lib/libctru.a(rbtree_insert.o)
 .debug_frame   0x000012c0       0x38 /Users/shawnanastasio/devkitPro/libctru/lib/libctru.a(rbtree_remove.o)
 .debug_frame   0x000012f8       0x2c /Users/shawnanastasio/devkitPro/libctru/lib/libctru.a(rbtree_rotate.o)
 .debug_frame   0x00001324       0x30 /Users/shawnanastasio/devkitPro/libctru/lib/libctru.a(rbtree_iterator.o)

.debug_str      0x00000000     0x2902
 *(.debug_str)
 .debug_str     0x00000000      0x14e font.o
                                0x19a (size before relaxing)
 .debug_str     0x0000014e       0x38 font1.o
                                0x176 (size before relaxing)
 .debug_str     0x00000186      0x3a5 main.o
                                0x524 (size before relaxing)
 .debug_str     0x0000052b       0xb2 text.o
                                0x291 (size before relaxing)
 .debug_str     0x000005dd      0x3e4 /Users/shawnanastasio/devkitPro/libctru/lib/libctru.a(gfx.o)
                                0x67a (size before relaxing)
 .debug_str     0x000009c1      0x5a1 /Users/shawnanastasio/devkitPro/libctru/lib/libctru.a(initSystem.o)
                                0x72e (size before relaxing)
 .debug_str     0x00000f62      0x151 /Users/shawnanastasio/devkitPro/libctru/lib/libctru.a(srv.o)
                                0x2eb (size before relaxing)
 .debug_str     0x000010b3      0x9bb /Users/shawnanastasio/devkitPro/libctru/lib/libctru.a(apt.o)
                                0xc81 (size before relaxing)
 .debug_str     0x00001a6e      0x224 /Users/shawnanastasio/devkitPro/libctru/lib/libctru.a(gsp.o)
                                0x6fa (size before relaxing)
 .debug_str     0x00001c92      0x11d /Users/shawnanastasio/devkitPro/libctru/lib/libctru.a(gx.o)
                                0x2bb (size before relaxing)
 .debug_str     0x00001daf      0x2c2 /Users/shawnanastasio/devkitPro/libctru/lib/libctru.a(hid.o)
                                0x6ac (size before relaxing)
 .debug_str     0x00002071      0x10d /Users/shawnanastasio/devkitPro/libctru/lib/libctru.a(irrst.o)
                                0x413 (size before relaxing)
 .debug_str     0x0000217e      0x45f /Users/shawnanastasio/devkitPro/libctru/lib/libctru.a(linear.o)
                                0x6c1 (size before relaxing)
 .debug_str     0x000025dd       0x92 /Users/shawnanastasio/devkitPro/libctru/lib/libctru.a(mem_pool.o)
                                0x430 (size before relaxing)
 .debug_str     0x0000266f       0x47 /Users/shawnanastasio/devkitPro/libctru/lib/libctru.a(rbtree_find.o)
                                0x1e8 (size before relaxing)
 .debug_str     0x000026b6       0x42 /Users/shawnanastasio/devkitPro/libctru/lib/libctru.a(rbtree_init.o)
                                0x1de (size before relaxing)
 .debug_str     0x000026f8       0xeb /Users/shawnanastasio/devkitPro/libctru/lib/libctru.a(rbtree_insert.o)
                                0x2a0 (size before relaxing)
 .debug_str     0x000027e3       0x79 /Users/shawnanastasio/devkitPro/libctru/lib/libctru.a(rbtree_remove.o)
                                0x2be (size before relaxing)
 .debug_str     0x0000285c       0x44 /Users/shawnanastasio/devkitPro/libctru/lib/libctru.a(rbtree_rotate.o)
                                0x235 (size before relaxing)
 .debug_str     0x000028a0       0x62 /Users/shawnanastasio/devkitPro/libctru/lib/libctru.a(rbtree_iterator.o)
                                0x1e8 (size before relaxing)

.debug_loc      0x00000000     0x5891
 *(.debug_loc)
 .debug_loc     0x00000000      0x268 main.o
 .debug_loc     0x00000268      0x716 text.o
 .debug_loc     0x0000097e      0x2fe /Users/shawnanastasio/devkitPro/libctru/lib/libctru.a(gfx.o)
 .debug_loc     0x00000c7c      0x13d /Users/shawnanastasio/devkitPro/libctru/lib/libctru.a(initSystem.o)
 .debug_loc     0x00000db9      0x3b4 /Users/shawnanastasio/devkitPro/libctru/lib/libctru.a(srv.o)
 .debug_loc     0x0000116d     0x1328 /Users/shawnanastasio/devkitPro/libctru/lib/libctru.a(apt.o)
 .debug_loc     0x00002495      0xc6f /Users/shawnanastasio/devkitPro/libctru/lib/libctru.a(gsp.o)
 .debug_loc     0x00003104      0x38a /Users/shawnanastasio/devkitPro/libctru/lib/libctru.a(gx.o)
 .debug_loc     0x0000348e      0x76b /Users/shawnanastasio/devkitPro/libctru/lib/libctru.a(hid.o)
 .debug_loc     0x00003bf9      0x3f2 /Users/shawnanastasio/devkitPro/libctru/lib/libctru.a(irrst.o)
 .debug_loc     0x00003feb      0x309 /Users/shawnanastasio/devkitPro/libctru/lib/libctru.a(linear.o)
 .debug_loc     0x000042f4      0x8fb /Users/shawnanastasio/devkitPro/libctru/lib/libctru.a(mem_pool.o)
 .debug_loc     0x00004bef      0x10d /Users/shawnanastasio/devkitPro/libctru/lib/libctru.a(rbtree_find.o)
 .debug_loc     0x00004cfc      0x382 /Users/shawnanastasio/devkitPro/libctru/lib/libctru.a(rbtree_insert.o)
 .debug_loc     0x0000507e      0x4d3 /Users/shawnanastasio/devkitPro/libctru/lib/libctru.a(rbtree_remove.o)
 .debug_loc     0x00005551       0x8e /Users/shawnanastasio/devkitPro/libctru/lib/libctru.a(rbtree_rotate.o)
 .debug_loc     0x000055df      0x2b2 /Users/shawnanastasio/devkitPro/libctru/lib/libctru.a(rbtree_iterator.o)

.debug_macinfo
 *(.debug_macinfo)
LOAD /Users/shawnanastasio/devkitPro/devkitARM/bin/../lib/gcc/arm-none-eabi/4.9.2/../../../../arm-none-eabi/lib/3dsx_crt0.o
LOAD /Users/shawnanastasio/devkitPro/devkitARM/bin/../lib/gcc/arm-none-eabi/4.9.2/crti.o
LOAD /Users/shawnanastasio/devkitPro/devkitARM/bin/../lib/gcc/arm-none-eabi/4.9.2/crtbegin.o
LOAD font.bin.o
LOAD font.o
LOAD font1.o
LOAD main.o
LOAD text.o
LOAD /Users/shawnanastasio/devkitPro/libctru/lib/libctru.a
LOAD /Users/shawnanastasio/devkitPro/devkitARM/bin/../lib/gcc/arm-none-eabi/4.9.2/../../../../arm-none-eabi/lib/libm.a
START GROUP
LOAD /Users/shawnanastasio/devkitPro/devkitARM/bin/../lib/gcc/arm-none-eabi/4.9.2/libgcc.a
LOAD /Users/shawnanastasio/devkitPro/devkitARM/bin/../lib/gcc/arm-none-eabi/4.9.2/../../../../arm-none-eabi/lib/libg.a
LOAD /Users/shawnanastasio/devkitPro/devkitARM/bin/../lib/gcc/arm-none-eabi/4.9.2/../../../../arm-none-eabi/lib/libc.a
LOAD /Users/shawnanastasio/devkitPro/devkitARM/bin/../lib/gcc/arm-none-eabi/4.9.2/../../../../arm-none-eabi/lib/libsysbase.a
END GROUP
LOAD /Users/shawnanastasio/devkitPro/devkitARM/bin/../lib/gcc/arm-none-eabi/4.9.2/crtend.o
LOAD /Users/shawnanastasio/devkitPro/devkitARM/bin/../lib/gcc/arm-none-eabi/4.9.2/crtn.o
OUTPUT(/Users/shawnanastasio/devkitPro/other3DS/3ds-helloworld/3ds-helloworld.elf elf32-littlearm)

.ARM.attributes
                0x00000000       0x30
 .ARM.attributes
                0x00000000       0x1e /Users/shawnanastasio/devkitPro/devkitARM/bin/../lib/gcc/arm-none-eabi/4.9.2/../../../../arm-none-eabi/lib/3dsx_crt0.o
 .ARM.attributes
                0x0000001e       0x16 /Users/shawnanastasio/devkitPro/devkitARM/bin/../lib/gcc/arm-none-eabi/4.9.2/crti.o
 .ARM.attributes
                0x00000034       0x30 /Users/shawnanastasio/devkitPro/devkitARM/bin/../lib/gcc/arm-none-eabi/4.9.2/crtbegin.o
 .ARM.attributes
                0x00000064       0x14 font.bin.o
 .ARM.attributes
                0x00000078       0x2c font.o
 .ARM.attributes
                0x000000a4       0x2c font1.o
 .ARM.attributes
                0x000000d0       0x2c main.o
 .ARM.attributes
                0x000000fc       0x2c text.o
 .ARM.attributes
                0x00000128       0x2c /Users/shawnanastasio/devkitPro/libctru/lib/libctru.a(gfx.o)
 .ARM.attributes
                0x00000154       0x2c /Users/shawnanastasio/devkitPro/libctru/lib/libctru.a(initSystem.o)
 .ARM.attributes
                0x00000180       0x2c /Users/shawnanastasio/devkitPro/libctru/lib/libctru.a(srv.o)
 .ARM.attributes
                0x000001ac       0x2c /Users/shawnanastasio/devkitPro/libctru/lib/libctru.a(apt.o)
 .ARM.attributes
                0x000001d8       0x2c /Users/shawnanastasio/devkitPro/libctru/lib/libctru.a(gsp.o)
 .ARM.attributes
                0x00000204       0x2c /Users/shawnanastasio/devkitPro/libctru/lib/libctru.a(gx.o)
 .ARM.attributes
                0x00000230       0x2c /Users/shawnanastasio/devkitPro/libctru/lib/libctru.a(hid.o)
 .ARM.attributes
                0x0000025c       0x2c /Users/shawnanastasio/devkitPro/libctru/lib/libctru.a(irrst.o)
 .ARM.attributes
                0x00000288       0x1a /Users/shawnanastasio/devkitPro/libctru/lib/libctru.a(svc.o)
 .ARM.attributes
                0x000002a2       0x2c /Users/shawnanastasio/devkitPro/libctru/lib/libctru.a(linear.o)
 .ARM.attributes
                0x000002ce       0x2c /Users/shawnanastasio/devkitPro/libctru/lib/libctru.a(mem_pool.o)
 .ARM.attributes
                0x000002fa       0x2c /Users/shawnanastasio/devkitPro/libctru/lib/libctru.a(rbtree_find.o)
 .ARM.attributes
                0x00000326       0x2c /Users/shawnanastasio/devkitPro/libctru/lib/libctru.a(rbtree_init.o)
 .ARM.attributes
                0x00000352       0x2c /Users/shawnanastasio/devkitPro/libctru/lib/libctru.a(rbtree_insert.o)
 .ARM.attributes
                0x0000037e       0x2c /Users/shawnanastasio/devkitPro/libctru/lib/libctru.a(rbtree_remove.o)
 .ARM.attributes
                0x000003aa       0x2c /Users/shawnanastasio/devkitPro/libctru/lib/libctru.a(rbtree_rotate.o)
 .ARM.attributes
                0x000003d6       0x2c /Users/shawnanastasio/devkitPro/libctru/lib/libctru.a(rbtree_iterator.o)
 .ARM.attributes
                0x00000402       0x30 /Users/shawnanastasio/devkitPro/devkitARM/bin/../lib/gcc/arm-none-eabi/4.9.2/../../../../arm-none-eabi/lib/libg.a(lib_a-fini.o)
 .ARM.attributes
                0x00000432       0x30 /Users/shawnanastasio/devkitPro/devkitARM/bin/../lib/gcc/arm-none-eabi/4.9.2/../../../../arm-none-eabi/lib/libg.a(lib_a-init.o)
 .ARM.attributes
                0x00000462       0x30 /Users/shawnanastasio/devkitPro/devkitARM/bin/../lib/gcc/arm-none-eabi/4.9.2/../../../../arm-none-eabi/lib/libg.a(lib_a-malloc.o)
 .ARM.attributes
                0x00000492       0x30 /Users/shawnanastasio/devkitPro/devkitARM/bin/../lib/gcc/arm-none-eabi/4.9.2/../../../../arm-none-eabi/lib/libg.a(lib_a-mallocr.o)
 .ARM.attributes
                0x000004c2       0x30 /Users/shawnanastasio/devkitPro/devkitARM/bin/../lib/gcc/arm-none-eabi/4.9.2/../../../../arm-none-eabi/lib/libg.a(lib_a-memcpy-stub.o)
 .ARM.attributes
                0x000004f2       0x30 /Users/shawnanastasio/devkitPro/devkitARM/bin/../lib/gcc/arm-none-eabi/4.9.2/../../../../arm-none-eabi/lib/libg.a(lib_a-memmove.o)
 .ARM.attributes
                0x00000522       0x30 /Users/shawnanastasio/devkitPro/devkitARM/bin/../lib/gcc/arm-none-eabi/4.9.2/../../../../arm-none-eabi/lib/libg.a(lib_a-mlock.o)
 .ARM.attributes
                0x00000552       0x30 /Users/shawnanastasio/devkitPro/devkitARM/bin/../lib/gcc/arm-none-eabi/4.9.2/../../../../arm-none-eabi/lib/libg.a(lib_a-strcpy.o)
 .ARM.attributes
                0x00000582       0x30 /Users/shawnanastasio/devkitPro/devkitARM/bin/../lib/gcc/arm-none-eabi/4.9.2/../../../../arm-none-eabi/lib/libg.a(lib_a-strlen.o)
 .ARM.attributes
                0x000005b2       0x30 /Users/shawnanastasio/devkitPro/devkitARM/bin/../lib/gcc/arm-none-eabi/4.9.2/../../../../arm-none-eabi/lib/libg.a(lib_a-freer.o)
 .ARM.attributes
                0x000005e2       0x30 /Users/shawnanastasio/devkitPro/devkitARM/bin/../lib/gcc/arm-none-eabi/4.9.2/../../../../arm-none-eabi/lib/libg.a(lib_a-impure.o)
 .ARM.attributes
                0x00000612       0x30 /Users/shawnanastasio/devkitPro/devkitARM/bin/../lib/gcc/arm-none-eabi/4.9.2/../../../../arm-none-eabi/lib/libsysbase.a(sbrk.o)
 .ARM.attributes
                0x00000642       0x30 /Users/shawnanastasio/devkitPro/devkitARM/bin/../lib/gcc/arm-none-eabi/4.9.2/../../../../arm-none-eabi/lib/libsysbase.a(malloc_vars.o)
 .ARM.attributes
                0x00000672       0x30 /Users/shawnanastasio/devkitPro/devkitARM/bin/../lib/gcc/arm-none-eabi/4.9.2/../../../../arm-none-eabi/lib/libsysbase.a(syscall_support.o)
 .ARM.attributes
                0x000006a2       0x30 /Users/shawnanastasio/devkitPro/devkitARM/bin/../lib/gcc/arm-none-eabi/4.9.2/crtend.o
 .ARM.attributes
                0x000006d2       0x18 /Users/shawnanastasio/devkitPro/devkitARM/bin/../lib/gcc/arm-none-eabi/4.9.2/crtn.o

.debug_ranges   0x00000000      0x6e0
 .debug_ranges  0x00000000       0x58 main.o
 .debug_ranges  0x00000058       0x78 /Users/shawnanastasio/devkitPro/libctru/lib/libctru.a(gfx.o)
 .debug_ranges  0x000000d0       0x28 /Users/shawnanastasio/devkitPro/libctru/lib/libctru.a(initSystem.o)
 .debug_ranges  0x000000f8       0x70 /Users/shawnanastasio/devkitPro/libctru/lib/libctru.a(apt.o)
 .debug_ranges  0x00000168       0x38 /Users/shawnanastasio/devkitPro/libctru/lib/libctru.a(gsp.o)
 .debug_ranges  0x000001a0       0x18 /Users/shawnanastasio/devkitPro/libctru/lib/libctru.a(irrst.o)
 .debug_ranges  0x000001b8       0x70 /Users/shawnanastasio/devkitPro/libctru/lib/libctru.a(linear.o)
 .debug_ranges  0x00000228      0x230 /Users/shawnanastasio/devkitPro/libctru/lib/libctru.a(mem_pool.o)
 .debug_ranges  0x00000458       0x20 /Users/shawnanastasio/devkitPro/libctru/lib/libctru.a(rbtree_find.o)
 .debug_ranges  0x00000478      0x110 /Users/shawnanastasio/devkitPro/libctru/lib/libctru.a(rbtree_insert.o)
 .debug_ranges  0x00000588       0xf8 /Users/shawnanastasio/devkitPro/libctru/lib/libctru.a(rbtree_remove.o)
 .debug_ranges  0x00000680       0x30 /Users/shawnanastasio/devkitPro/libctru/lib/libctru.a(rbtree_rotate.o)
 .debug_ranges  0x000006b0       0x30 /Users/shawnanastasio/devkitPro/libctru/lib/libctru.a(rbtree_iterator.o)
